#-----------------------------------------------------------
# Vivado v2024.1 (64-bit)
# SW Build 5076996 on Wed May 22 18:36:09 MDT 2024
# IP Build 5075265 on Wed May 22 21:45:21 MDT 2024
# SharedData Build 5076995 on Wed May 22 18:29:18 MDT 2024
# Start of session at: Thu Jan 30 20:09:25 2025
# Process ID: 194261
# Current directory: /home/ubuntu/samml_fpga/hw/_x.hw_emu.xilinx_aws-vu47p-f2_202410_1/mem_read/mem_read/mem_read/solution/impl/ip
# Command line: vivado -notrace -mode batch -source run_ippack.tcl
# Log file: /home/ubuntu/samml_fpga/hw/_x.hw_emu.xilinx_aws-vu47p-f2_202410_1/mem_read/mem_read/mem_read/solution/impl/ip/vivado.log
# Journal file: /home/ubuntu/samml_fpga/hw/_x.hw_emu.xilinx_aws-vu47p-f2_202410_1/mem_read/mem_read/mem_read/solution/impl/ip/vivado.jou
# Running On        :ip-172-31-45-23
# Platform          :Ubuntu
# Operating System  :Ubuntu 20.04.6 LTS
# Processor Detail  :AMD EPYC 7R13 Processor
# CPU Frequency     :2649.998 MHz
# CPU Physical cores:24
# CPU Logical cores :48
# Host memory       :536585 MB
# Swap memory       :10737 MB
# Total Virtual     :547323 MB
# Available Virtual :544863 MB
#-----------------------------------------------------------
source run_ippack.tcl -notrace
